// Jest Snapshot v1, https://goo.gl/fbAQLP

exports[`App container matches the snapshot when local weather is loaded and favorites cities are loaded 1`] = `
<div
  className="App"
>
  <header
    className="App-header"
  >
    <h1
      className="App-title"
    >
      Погода здесь
    </h1>
    <button
      className="Refresh-Location-Button"
      onClick={[Function]}
    >
      Обновить геолокацию
    </button>
  </header>
  <div
    className="Main"
  >
    <div
      className="currentCity"
    >
      <h1>
        Moscow
      </h1>
      <div
        className="additionalInfo"
      >
        <img
          alt="Иконка погоды"
          className="weatherImage"
          src="i"
        />
        <h1>
          t
        </h1>
      </div>
    </div>
    <div
      className="WeatherInfo"
    >
      <div
        className="Info"
      >
        <h3>
          Ветер
        </h3>
        <h4>
          w
        </h4>
      </div>
      <div
        className="Info"
      >
        <h3>
          Облачность
        </h3>
        <h4>
          c
        </h4>
      </div>
      <div
        className="Info"
      >
        <h3>
          Давление
        </h3>
        <h4>
          p
        </h4>
      </div>
      <div
        className="Info"
      >
        <h3>
          Влажность
        </h3>
        <h4>
          h
        </h4>
      </div>
      <div
        className="Info"
      >
        <h3>
          Координаты
        </h3>
        <h4>
          l
        </h4>
      </div>
    </div>
  </div>
  <div
    className="search"
  >
    <h1>
      Избранное
    </h1>
    <form
      onSubmit={[Function]}
    >
      <input
        className="searchInput"
        name="cityName"
        placeholder="Добавить новый город"
        required="required"
      />
      <button
        className="searchButton"
        type="submit"
      />
    </form>
  </div>
  <div
    className="FavList"
  >
    <div
      className="FavouriteCity"
    >
      <div
        className="favCityHeader"
      >
        <h1>
          Moscow
        </h1>
        <img
          alt="Иконка погоды"
          src="i1"
        />
        <h1>
          t1
        </h1>
        <button
          className="deleteButton"
          onClick={[Function]}
        >
          X
        </button>
      </div>
      <div
        className="WeatherInfo"
      >
        <div
          className="Info"
        >
          <h3>
            Ветер
          </h3>
          <h4>
            w1
          </h4>
        </div>
        <div
          className="Info"
        >
          <h3>
            Облачность
          </h3>
          <h4>
            c1
          </h4>
        </div>
        <div
          className="Info"
        >
          <h3>
            Давление
          </h3>
          <h4>
            p1
          </h4>
        </div>
        <div
          className="Info"
        >
          <h3>
            Влажность
          </h3>
          <h4>
            h1
          </h4>
        </div>
        <div
          className="Info"
        >
          <h3>
            Координаты
          </h3>
          <h4>
            l1
          </h4>
        </div>
      </div>
    </div>
  </div>
</div>
`;
